[preview.hasthemes.com/nursery/index.html]
[backblue.gif]
[fade.gif]
[index.html]
[preview.hasthemes.com/nursery/img/icon/favicon.ico]
[preview.hasthemes.com/nursery/css/bootstrap.min.css]
[preview.hasthemes.com/nursery/css/font-awesome.min.css]
[preview.hasthemes.com/nursery/css/material-design-iconic-font.min.css]
[preview.hasthemes.com/nursery/css/magnific-popup.css]
[preview.hasthemes.com/nursery/css/venobox.css]
[preview.hasthemes.com/nursery/css/meanmenu.min.css]
[preview.hasthemes.com/nursery/css/plugins.css]
[preview.hasthemes.com/nursery/style.css]
[preview.hasthemes.com/nursery/css/responsive.css]
[preview.hasthemes.com/nursery/js/vendor/modernizr-2.8.3.min.js]
[preview.hasthemes.com/nursery/img/icon/logo.png]
[preview.hasthemes.com/nursery/about-us.html]
[preview.hasthemes.com/nursery/our-service.html]
[preview.hasthemes.com/nursery/our-project.html]
[preview.hasthemes.com/nursery/our-blog.html]
[preview.hasthemes.com/nursery/blog-details.html]
[preview.hasthemes.com/nursery/404.html]
[preview.hasthemes.com/nursery/contact-us.html]
[preview.hasthemes.com/nursery/our-team.html]
[preview.hasthemes.com/nursery/img/hero/bg.jpg]
[preview.hasthemes.com/nursery/img/hero/sm-1.png]
[preview.hasthemes.com/nursery/img/hero/sm-2.png]
[preview.hasthemes.com/nursery/img/hero/sm-3.png]
[preview.hasthemes.com/nursery/img/hero/sm-4.png]
[preview.hasthemes.com/nursery/img/hero/sm-2-4.png]
[preview.hasthemes.com/nursery/img/hero/sm-2-1.png]
[preview.hasthemes.com/nursery/img/hero/sm-2-2.png]
[preview.hasthemes.com/nursery/img/hero/sm-2-3.png]
[preview.hasthemes.com/nursery/img/icon/leaf.png]
[preview.hasthemes.com/nursery/img/icon/hand.png]
[preview.hasthemes.com/nursery/img/icon/kata.png]
[preview.hasthemes.com/nursery/img/other/abt-mdl.png]
[preview.hasthemes.com/nursery/img/icon/tube.png]
[preview.hasthemes.com/nursery/img/icon/chamis.png]
[preview.hasthemes.com/nursery/img/icon/tree.png]
[preview.hasthemes.com/nursery/img/project/1.png]
[preview.hasthemes.com/nursery/img/project/3.png]
[preview.hasthemes.com/nursery/img/project/2.png]
[preview.hasthemes.com/nursery/img/project/4.png]
[preview.hasthemes.com/nursery/img/project/7.png]
[preview.hasthemes.com/nursery/img/project/5.png]
[preview.hasthemes.com/nursery/img/project/6.png]
[preview.hasthemes.com/nursery/img/blog/1.png]
[preview.hasthemes.com/nursery/img/blog/2.png]
[preview.hasthemes.com/nursery/img/blog/3.png]
[preview.hasthemes.com/nursery/img/funfact/1.png]
[preview.hasthemes.com/nursery/img/funfact/2.png]
[preview.hasthemes.com/nursery/img/funfact/3.png]
[preview.hasthemes.com/nursery/img/funfact/4.png]
[preview.hasthemes.com/nursery/img/client/1.png]
[preview.hasthemes.com/nursery/img/team/1.png]
[preview.hasthemes.com/nursery/img/team/2.png]
[preview.hasthemes.com/nursery/img/team/3.png]
[preview.hasthemes.com/nursery/img/team/4.png]
[preview.hasthemes.com/nursery/img/brand/1.png]
[preview.hasthemes.com/nursery/img/brand/2.png]
[preview.hasthemes.com/nursery/img/brand/3.png]
[preview.hasthemes.com/nursery/img/brand/4.png]
[preview.hasthemes.com/nursery/img/brand/5.png]
[preview.hasthemes.com/nursery/img/icon/footer-logo.png]
[preview.hasthemes.com/nursery/img/instragram/1.png]
[preview.hasthemes.com/nursery/img/instragram/2.png]
[preview.hasthemes.com/nursery/img/instragram/3.png]
[preview.hasthemes.com/nursery/img/instragram/4.png]
[preview.hasthemes.com/nursery/img/instragram/5.png]
[preview.hasthemes.com/nursery/img/instragram/6.png]
[preview.hasthemes.com/nursery/js/vendor/jquery-1.12.4.min.js]
[preview.hasthemes.com/nursery/js/bootstrap.min.js]
[preview.hasthemes.com/nursery/js/jquery.ajaxchimp.min.js]
[preview.hasthemes.com/nursery/js/jquery.meanmenu.js]
[preview.hasthemes.com/nursery/js/plugins.js]
[preview.hasthemes.com/nursery/index.html]
[preview.hasthemes.com/nursery/img/apple-touch-icon.png]
[preview.hasthemes.com/nursery/js/main.js]
[preview.hasthemes.com/nursery/css/bootstrap.min.css]
[preview.hasthemes.com/nursery/fonts/fontawesome-webfont3e6e.eot]
[preview.hasthemes.com/nursery/fonts/fontawesome-webfontd41d.eot]
[preview.hasthemes.com/nursery/fonts/fontawesome-webfont3e6e.woff2]
[preview.hasthemes.com/nursery/fonts/fontawesome-webfont3e6e.woff]
[preview.hasthemes.com/nursery/fonts/fontawesome-webfont3e6e.svg]
[preview.hasthemes.com/nursery/css/font-awesome.min.css]
[preview.hasthemes.com/nursery/fonts/Material-Design-Iconic-Fontd1f1.woff2]
[preview.hasthemes.com/nursery/fonts/Material-Design-Iconic-Fontd1f1.woff]
[preview.hasthemes.com/nursery/fonts/fontawesome-webfont3e6e.ttf]
[preview.hasthemes.com/nursery/css/material-design-iconic-font.min.css]
[preview.hasthemes.com/nursery/css/magnific-popup.css]
[preview.hasthemes.com/nursery/fonts/Material-Design-Iconic-Fontd1f1.ttf]
[preview.hasthemes.com/nursery/css/venobox.css]
[preview.hasthemes.com/nursery/css/meanmenu.min.css]
[preview.hasthemes.com/nursery/css/shortcode/default.css]
[preview.hasthemes.com/nursery/css/shortcode/menu.css]
[preview.hasthemes.com/nursery/css/shortcode/slider.css]
[preview.hasthemes.com/nursery/css/shortcode/shortcodes.css]
[preview.hasthemes.com/nursery/css/shortcode/footer.css]
[preview.hasthemes.com/nursery/css/plugins.css]
[preview.hasthemes.com/nursery/style.css]
[preview.hasthemes.com/nursery/img/bg/3.png]
[preview.hasthemes.com/nursery/css/responsive.css]
[preview.hasthemes.com/nursery/about-us.html]
[preview.hasthemes.com/nursery/our-service.html]
[preview.hasthemes.com/nursery/img/other/about.png]
[preview.hasthemes.com/nursery/img/project/8.png]
[preview.hasthemes.com/nursery/img/project/9.png]
[preview.hasthemes.com/nursery/img/project/10.png]
[preview.hasthemes.com/nursery/img/project/11.png]
[preview.hasthemes.com/nursery/our-project.html]
[preview.hasthemes.com/nursery/img/blog/4.png]
[preview.hasthemes.com/nursery/img/blog/5.png]
[preview.hasthemes.com/nursery/img/blog/6.png]
[preview.hasthemes.com/nursery/our-blog.html]
[preview.hasthemes.com/nursery/img/blog/7.png]
[preview.hasthemes.com/nursery/img/other/blog-details.png]
[preview.hasthemes.com/nursery/img/other/blog-details-2.png]
[preview.hasthemes.com/nursery/img/other/comment-1.png]
[preview.hasthemes.com/nursery/img/other/comment-2.png]
[preview.hasthemes.com/nursery/img/other/1.png]
[preview.hasthemes.com/nursery/img/other/2.png]
[preview.hasthemes.com/nursery/img/other/3.png]
[preview.hasthemes.com/nursery/img/other/s-1.png]
[preview.hasthemes.com/nursery/img/other/s-2.png]
[preview.hasthemes.com/nursery/img/other/s-3.png]
[preview.hasthemes.com/nursery/img/other/s-4.png]
[preview.hasthemes.com/nursery/img/other/s-5.png]
[preview.hasthemes.com/nursery/img/other/s-6.png]
[preview.hasthemes.com/nursery/blog-details.html]
[preview.hasthemes.com/nursery/img/icon/404.png]
[preview.hasthemes.com/nursery/404.html]
[preview.hasthemes.com/nursery/contact-us.html]
[preview.hasthemes.com/nursery/img/team/5.png]
[preview.hasthemes.com/nursery/img/team/6.png]
[preview.hasthemes.com/nursery/our-team.html]
[preview.hasthemes.com/nursery/fonts/glyphicons-halflings-regular.eot]
[preview.hasthemes.com/nursery/fonts/glyphicons-halflings-regulard41d.eot]
[preview.hasthemes.com/nursery/fonts/glyphicons-halflings-regular.woff2]
[preview.hasthemes.com/nursery/fonts/glyphicons-halflings-regular.woff]
[preview.hasthemes.com/nursery/fonts/glyphicons-halflings-regular.ttf]
[preview.hasthemes.com/nursery/fonts/glyphicons-halflings-regular.svg]
[preview.hasthemes.com/nursery/images/venubox/preload-circle.png]
[preview.hasthemes.com/nursery/images/venubox/close.gif]
[preview.hasthemes.com/nursery/images/venubox/prev.gif]
[preview.hasthemes.com/nursery/images/venubox/next.gif]
[preview.hasthemes.com/nursery/img/team/7.png]
[preview.hasthemes.com/nursery/img/bg/1.png]
[preview.hasthemes.com/nursery/img/bg/4.png]
[preview.hasthemes.com/nursery/img/bg/6.png]
[preview.hasthemes.com/nursery/img/bg/7.png]
[preview.hasthemes.com/nursery/img/bg/2.png]
[preview.hasthemes.com/nursery/img/bg/5.png]
[preview.hasthemes.com/nursery/img/bg/banner-bg.png]
[preview.hasthemes.com/nursery/img/bg/8.png]
[preview.hasthemes.com/nursery/css/shortcode/default.css]
[preview.hasthemes.com/nursery/css/shortcode/header.css]
[preview.hasthemes.com/nursery/css/shortcode/menu.css]
[preview.hasthemes.com/nursery/css/shortcode/slider.css]
[preview.hasthemes.com/nursery/css/shortcode/footer.css]
[preview.hasthemes.com/nursery/css/owl.video.play.png]
[preview.hasthemes.com/nursery/news-details.html]
[preview.hasthemes.com/nursery/css/shortcode/fonts/slick.eot]
[preview.hasthemes.com/nursery/css/shortcode/fonts/slickd41d.eot]
[preview.hasthemes.com/nursery/css/shortcode/fonts/slick.woff]
[preview.hasthemes.com/nursery/css/shortcode/fonts/slick.ttf]
[preview.hasthemes.com/nursery/css/shortcode/fonts/slick.svg]
